
> react-kavia@0.1.0 start
> react-scripts start

(node:657) [DEP_WEBPACK_DEV_SERVER_ON_AFTER_SETUP_MIDDLEWARE] DeprecationWarning: 'onAfterSetupMiddleware' option is deprecated. Please use the 'setupMiddlewares' option.
(Use `node --trace-deprecation ...` to show where the warning was created)
(node:657) [DEP_WEBPACK_DEV_SERVER_ON_BEFORE_SETUP_MIDDLEWARE] DeprecationWarning: 'onBeforeSetupMiddleware' option is deprecated. Please use the 'setupMiddlewares' option.
Starting the development server...

Compiled successfully!

You can now view react-kavia in the browser.

  Local:            http://localhost:3000
  On Your Network:  http://172.17.0.2:3000

Note that the development build is not optimized.
To create a production build, use npm run build.

webpack compiled successfully
Compiling...
Failed to compile.

Module not found: Error: Can't resolve 'react-icons/fa' in '/home/kavia/workspace/code-generation/wavelog-106607-09cdf108/wave_log/src'
WARNING in [eslint] 
src/App.js
  Line 3:47:  'FaSmile' is defined but never used  no-unused-vars
  Line 3:56:  'FaEdit' is defined but never used   no-unused-vars
  Line 3:64:  'FaTrash' is defined but never used  no-unused-vars

ERROR in ./src/App.js 7:0-95
Module not found: Error: Can't resolve 'react-icons/fa' in '/home/kavia/workspace/code-generation/wavelog-106607-09cdf108/wave_log/src'

ERROR in ./src/App.js 8:0-49
Module not found: Error: Can't resolve './components/HomeScreen' in '/home/kavia/workspace/code-generation/wavelog-106607-09cdf108/wave_log/src'

ERROR in ./src/App.js 9:0-61
Module not found: Error: Can't resolve './components/LogSessionScreen' in '/home/kavia/workspace/code-generation/wavelog-106607-09cdf108/wave_log/src'

ERROR in ./src/App.js 10:0-67
Module not found: Error: Can't resolve './components/SessionDetailScreen' in '/home/kavia/workspace/code-generation/wavelog-106607-09cdf108/wave_log/src'

ERROR in ./src/App.js 11:0-59
Module not found: Error: Can't resolve './components/DashboardScreen' in '/home/kavia/workspace/code-generation/wavelog-106607-09cdf108/wave_log/src'

ERROR in ./src/App.js 12:0-91
Module not found: Error: Can't resolve './data/sampleData' in '/home/kavia/workspace/code-generation/wavelog-106607-09cdf108/wave_log/src'

webpack compiled with 6 errors and 1 warning
